
Allocating common symbols
Common symbol       size              file

taskB_stk           0x200             ..\obj\main.o
taskA_stk           0x200             ..\obj\main.o

Discarded input sections

 .text          0x00000000        0x0 ..\obj\kernelHeap.o
 .data          0x00000000        0x0 ..\obj\kernelHeap.o
 .text.CoKmalloc
                0x00000000      0x19c ..\obj\kernelHeap.o
 .text.CoKfree  0x00000000      0x364 ..\obj\kernelHeap.o
 .text.GetPreFMB
                0x00000000       0x34 ..\obj\kernelHeap.o
 .text          0x00000000        0x0 ..\obj\core.o
 .data          0x00000000        0x0 ..\obj\core.o
 .text.CoEnterISR
                0x00000000       0x14 ..\obj\core.o
 .text.CoExitISR
                0x00000000       0x70 ..\obj\core.o
 .text.CoGetOSVersion
                0x00000000       0x10 ..\obj\core.o
 .text          0x00000000        0x0 ..\obj\timer.o
 .data          0x00000000        0x0 ..\obj\timer.o
 .text.CoCreateTmr
                0x00000000      0x1b8 ..\obj\timer.o
 .text.CoStartTmr
                0x00000000       0x90 ..\obj\timer.o
 .text.CoStopTmr
                0x00000000       0x90 ..\obj\timer.o
 .text.CoDelTmr
                0x00000000       0x94 ..\obj\timer.o
 .text.CoGetCurTmrCnt
                0x00000000       0x7c ..\obj\timer.o
 .text.CoSetTmrCnt
                0x00000000       0xb8 ..\obj\timer.o
 .text          0x00000000        0x0 ..\obj\utility.o
 .data          0x00000000        0x0 ..\obj\utility.o
 .bss           0x00000000        0x0 ..\obj\utility.o
 .text.CoTickToTime
                0x00000000       0xdc ..\obj\utility.o
 .text.CoTimeToTick
                0x00000000       0x8c ..\obj\utility.o
 .debug_info    0x00000000      0x176 ..\obj\utility.o
 .debug_abbrev  0x00000000       0xb0 ..\obj\utility.o
 .debug_loc     0x00000000       0x70 ..\obj\utility.o
 .debug_aranges
                0x00000000       0x28 ..\obj\utility.o
 .debug_ranges  0x00000000       0x18 ..\obj\utility.o
 .debug_line    0x00000000       0xa1 ..\obj\utility.o
 .debug_str     0x00000000      0x140 ..\obj\utility.o
 .comment       0x00000000       0x71 ..\obj\utility.o
 .ARM.attributes
                0x00000000       0x3b ..\obj\utility.o
 .debug_frame   0x00000000       0x48 ..\obj\utility.o
 .text          0x00000000        0x0 ..\obj\task.o
 .data          0x00000000        0x0 ..\obj\task.o
 .text.CoSetPriority
                0x00000000      0x214 ..\obj\task.o
 .text.CoDelTask
                0x00000000      0x148 ..\obj\task.o
 .text.CoExitTask
                0x00000000       0x18 ..\obj\task.o
 .text.CoGetCurTaskID
                0x00000000       0x18 ..\obj\task.o
 .text.CoSuspendTask
                0x00000000       0xc8 ..\obj\task.o
 .text.CoAwakeTask
                0x00000000       0xc4 ..\obj\task.o
 .text          0x00000000        0x0 ..\obj\startup_stm32f4xx.o
 .data          0x00000000        0x0 ..\obj\startup_stm32f4xx.o
 .bss           0x00000000        0x0 ..\obj\startup_stm32f4xx.o
 .text          0x00000000        0x0 ..\obj\stm32_ub_led.o
 .bss           0x00000000        0x0 ..\obj\stm32_ub_led.o
 .text.UB_Led_Toggle
                0x00000000       0x74 ..\obj\stm32_ub_led.o
 .text.UB_Led_Switch
                0x00000000       0x30 ..\obj\stm32_ub_led.o
 .text          0x00000000        0x0 ..\obj\serviceReq.o
 .data          0x00000000        0x0 ..\obj\serviceReq.o
 .text.InsertInSRQ
                0x00000000       0xb4 ..\obj\serviceReq.o
 .text          0x00000000        0x0 ..\obj\main.o
 .data          0x00000000        0x0 ..\obj\main.o
 .bss           0x00000000        0x0 ..\obj\main.o
 .text          0x00000000        0x0 ..\obj\stm32f4xx_rcc.o
 .data          0x00000000       0x10 ..\obj\stm32f4xx_rcc.o
 .bss           0x00000000        0x0 ..\obj\stm32f4xx_rcc.o
 .text.RCC_DeInit
                0x00000000       0xbc ..\obj\stm32f4xx_rcc.o
 .text.RCC_HSEConfig
                0x00000000       0x30 ..\obj\stm32f4xx_rcc.o
 .text.RCC_WaitForHSEStartUp
                0x00000000       0x64 ..\obj\stm32f4xx_rcc.o
 .text.RCC_AdjustHSICalibrationValue
                0x00000000       0x48 ..\obj\stm32f4xx_rcc.o
 .text.RCC_HSICmd
                0x00000000       0x20 ..\obj\stm32f4xx_rcc.o
 .text.RCC_LSEConfig
                0x00000000       0x60 ..\obj\stm32f4xx_rcc.o
 .text.RCC_LSICmd
                0x00000000       0x20 ..\obj\stm32f4xx_rcc.o
 .text.RCC_PLLConfig
                0x00000000       0x48 ..\obj\stm32f4xx_rcc.o
 .text.RCC_PLLCmd
                0x00000000       0x20 ..\obj\stm32f4xx_rcc.o
 .text.RCC_PLLI2SConfig
                0x00000000       0x38 ..\obj\stm32f4xx_rcc.o
 .text.RCC_PLLI2SCmd
                0x00000000       0x20 ..\obj\stm32f4xx_rcc.o
 .text.RCC_PLLSAIConfig
                0x00000000       0x38 ..\obj\stm32f4xx_rcc.o
 .text.RCC_PLLSAICmd
                0x00000000       0x20 ..\obj\stm32f4xx_rcc.o
 .text.RCC_ClockSecuritySystemCmd
                0x00000000       0x20 ..\obj\stm32f4xx_rcc.o
 .text.RCC_MCO1Config
                0x00000000       0x48 ..\obj\stm32f4xx_rcc.o
 .text.RCC_MCO2Config
                0x00000000       0x48 ..\obj\stm32f4xx_rcc.o
 .text.RCC_SYSCLKConfig
                0x00000000       0x40 ..\obj\stm32f4xx_rcc.o
 .text.RCC_GetSYSCLKSource
                0x00000000       0x20 ..\obj\stm32f4xx_rcc.o
 .text.RCC_HCLKConfig
                0x00000000       0x40 ..\obj\stm32f4xx_rcc.o
 .text.RCC_PCLK1Config
                0x00000000       0x40 ..\obj\stm32f4xx_rcc.o
 .text.RCC_PCLK2Config
                0x00000000       0x44 ..\obj\stm32f4xx_rcc.o
 .text.RCC_GetClocksFreq
                0x00000000      0x1cc ..\obj\stm32f4xx_rcc.o
 .text.RCC_RTCCLKConfig
                0x00000000       0x74 ..\obj\stm32f4xx_rcc.o
 .text.RCC_RTCCLKCmd
                0x00000000       0x20 ..\obj\stm32f4xx_rcc.o
 .text.RCC_BackupResetCmd
                0x00000000       0x20 ..\obj\stm32f4xx_rcc.o
 .text.RCC_I2SCLKConfig
                0x00000000       0x20 ..\obj\stm32f4xx_rcc.o
 .text.RCC_SAIPLLI2SClkDivConfig
                0x00000000       0x48 ..\obj\stm32f4xx_rcc.o
 .text.RCC_SAIPLLSAIClkDivConfig
                0x00000000       0x4c ..\obj\stm32f4xx_rcc.o
 .text.RCC_SAIBlockACLKConfig
                0x00000000       0x44 ..\obj\stm32f4xx_rcc.o
 .text.RCC_SAIBlockBCLKConfig
                0x00000000       0x44 ..\obj\stm32f4xx_rcc.o
 .text.RCC_LTDCCLKDivConfig
                0x00000000       0x44 ..\obj\stm32f4xx_rcc.o
 .text.RCC_TIMCLKPresConfig
                0x00000000       0x20 ..\obj\stm32f4xx_rcc.o
 .text.RCC_AHB2PeriphClockCmd
                0x00000000       0x54 ..\obj\stm32f4xx_rcc.o
 .text.RCC_AHB3PeriphClockCmd
                0x00000000       0x54 ..\obj\stm32f4xx_rcc.o
 .text.RCC_APB1PeriphClockCmd
                0x00000000       0x54 ..\obj\stm32f4xx_rcc.o
 .text.RCC_APB2PeriphClockCmd
                0x00000000       0x54 ..\obj\stm32f4xx_rcc.o
 .text.RCC_AHB1PeriphResetCmd
                0x00000000       0x54 ..\obj\stm32f4xx_rcc.o
 .text.RCC_AHB2PeriphResetCmd
                0x00000000       0x54 ..\obj\stm32f4xx_rcc.o
 .text.RCC_AHB3PeriphResetCmd
                0x00000000       0x54 ..\obj\stm32f4xx_rcc.o
 .text.RCC_APB1PeriphResetCmd
                0x00000000       0x54 ..\obj\stm32f4xx_rcc.o
 .text.RCC_APB2PeriphResetCmd
                0x00000000       0x54 ..\obj\stm32f4xx_rcc.o
 .text.RCC_AHB1PeriphClockLPModeCmd
                0x00000000       0x54 ..\obj\stm32f4xx_rcc.o
 .text.RCC_AHB2PeriphClockLPModeCmd
                0x00000000       0x54 ..\obj\stm32f4xx_rcc.o
 .text.RCC_AHB3PeriphClockLPModeCmd
                0x00000000       0x54 ..\obj\stm32f4xx_rcc.o
 .text.RCC_APB1PeriphClockLPModeCmd
                0x00000000       0x54 ..\obj\stm32f4xx_rcc.o
 .text.RCC_APB2PeriphClockLPModeCmd
                0x00000000       0x54 ..\obj\stm32f4xx_rcc.o
 .text.RCC_ITConfig
                0x00000000       0x60 ..\obj\stm32f4xx_rcc.o
 .text.RCC_GetFlagStatus
                0x00000000       0x90 ..\obj\stm32f4xx_rcc.o
 .text.RCC_ClearFlag
                0x00000000       0x24 ..\obj\stm32f4xx_rcc.o
 .text.RCC_GetITStatus
                0x00000000       0x40 ..\obj\stm32f4xx_rcc.o
 .text.RCC_ClearITPendingBit
                0x00000000       0x20 ..\obj\stm32f4xx_rcc.o
 .text          0x00000000        0x0 ..\obj\mbox.o
 .data          0x00000000        0x0 ..\obj\mbox.o
 .bss           0x00000000        0x0 ..\obj\mbox.o
 .text.CoCreateMbox
                0x00000000       0x40 ..\obj\mbox.o
 .text.CoDelMbox
                0x00000000       0x58 ..\obj\mbox.o
 .text.CoAcceptMail
                0x00000000       0xb4 ..\obj\mbox.o
 .text.CoPendMail
                0x00000000      0x1c8 ..\obj\mbox.o
 .text.isr_PostMail
                0x00000000       0x54 ..\obj\mbox.o
 .text          0x00000000        0x0 ..\obj\mm.o
 .data          0x00000000        0x0 ..\obj\mm.o
 .bss           0x00000000       0x24 ..\obj\mm.o
 .text.CoCreateMemPartition
                0x00000000      0x168 ..\obj\mm.o
 .text.CoDelMemoryPartition
                0x00000000       0xc0 ..\obj\mm.o
 .text.CoGetFreeBlockNum
                0x00000000       0xb4 ..\obj\mm.o
 .text.CoGetMemoryBuffer
                0x00000000       0x98 ..\obj\mm.o
 .text.CoFreeMemoryBuffer
                0x00000000       0xe8 ..\obj\mm.o
 .debug_info    0x00000000      0x32f ..\obj\mm.o
 .debug_abbrev  0x00000000      0x114 ..\obj\mm.o
 .debug_loc     0x00000000      0x118 ..\obj\mm.o
 .debug_aranges
                0x00000000       0x40 ..\obj\mm.o
 .debug_ranges  0x00000000       0x30 ..\obj\mm.o
 .debug_line    0x00000000      0x14e ..\obj\mm.o
 .debug_str     0x00000000      0x207 ..\obj\mm.o
 .comment       0x00000000       0x71 ..\obj\mm.o
 .ARM.attributes
                0x00000000       0x3b ..\obj\mm.o
 .debug_frame   0x00000000       0xb0 ..\obj\mm.o
 .text          0x00000000        0x0 ..\obj\time.o
 .data          0x00000000        0x0 ..\obj\time.o
 .text.CoGetOSTime
                0x00000000       0x1c ..\obj\time.o
 .text.CoResetTaskDelayTick
                0x00000000       0x98 ..\obj\time.o
 .text.CoTimeDelay
                0x00000000       0xb8 ..\obj\time.o
 .text          0x00000000        0x0 ..\obj\event.o
 .data          0x00000000        0x0 ..\obj\event.o
 .text.ReleaseECB
                0x00000000       0x58 ..\obj\event.o
 .text.CreatEvent
                0x00000000       0xa8 ..\obj\event.o
 .text.DeleteEvent
                0x00000000       0xa0 ..\obj\event.o
 .text.EventTaskToWait
                0x00000000      0x114 ..\obj\event.o
 .text          0x00000000        0x0 ..\obj\stm32f4xx_gpio.o
 .data          0x00000000        0x0 ..\obj\stm32f4xx_gpio.o
 .bss           0x00000000        0x0 ..\obj\stm32f4xx_gpio.o
 .text.GPIO_DeInit
                0x00000000      0x1c8 ..\obj\stm32f4xx_gpio.o
 .text.GPIO_StructInit
                0x00000000       0x3c ..\obj\stm32f4xx_gpio.o
 .text.GPIO_PinLockConfig
                0x00000000       0x44 ..\obj\stm32f4xx_gpio.o
 .text.GPIO_ReadInputDataBit
                0x00000000       0x3c ..\obj\stm32f4xx_gpio.o
 .text.GPIO_ReadInputData
                0x00000000       0x1c ..\obj\stm32f4xx_gpio.o
 .text.GPIO_ReadOutputDataBit
                0x00000000       0x3c ..\obj\stm32f4xx_gpio.o
 .text.GPIO_ReadOutputData
                0x00000000       0x1c ..\obj\stm32f4xx_gpio.o
 .text.GPIO_SetBits
                0x00000000       0x1c ..\obj\stm32f4xx_gpio.o
 .text.GPIO_ResetBits
                0x00000000       0x1c ..\obj\stm32f4xx_gpio.o
 .text.GPIO_WriteBit
                0x00000000       0x30 ..\obj\stm32f4xx_gpio.o
 .text.GPIO_Write
                0x00000000       0x1c ..\obj\stm32f4xx_gpio.o
 .text.GPIO_ToggleBits
                0x00000000       0x24 ..\obj\stm32f4xx_gpio.o
 .text.GPIO_PinAFConfig
                0x00000000       0xa8 ..\obj\stm32f4xx_gpio.o
 .text          0x00000000        0x0 ..\obj\system_stm32f4xx.o
 .data          0x00000000       0x14 ..\obj\system_stm32f4xx.o
 .bss           0x00000000        0x0 ..\obj\system_stm32f4xx.o
 .text.SystemCoreClockUpdate
                0x00000000      0x170 ..\obj\system_stm32f4xx.o
 .text          0x00000000        0x0 ..\obj\port.o
 .bss           0x00000000        0x0 ..\obj\port.o
 .text.Inc8     0x00000000       0x34 ..\obj\port.o
 .text.Dec8     0x00000000       0x30 ..\obj\port.o
 .text          0x00000000        0x0 ..\obj\queue.o
 .data          0x00000000        0x0 ..\obj\queue.o
 .bss           0x00000000       0x24 ..\obj\queue.o
 .text.CoCreateQueue
                0x00000000      0x168 ..\obj\queue.o
 .text.CoDelQueue
                0x00000000       0xbc ..\obj\queue.o
 .text.CoAcceptQueueMail
                0x00000000       0xe4 ..\obj\queue.o
 .text.CoPendQueueMail
                0x00000000      0x248 ..\obj\queue.o
 .text.isr_PostQueueMail
                0x00000000       0x54 ..\obj\queue.o
 .text          0x00000000        0x0 ..\obj\mutex.o
 .data          0x00000000        0x0 ..\obj\mutex.o
 .bss           0x00000000       0x54 ..\obj\mutex.o
 .text.CoCreateMutex
                0x00000000       0xa4 ..\obj\mutex.o
 .text.CoEnterMutexSection
                0x00000000      0x1b4 ..\obj\mutex.o
 .text.CoLeaveMutexSection
                0x00000000      0x160 ..\obj\mutex.o
 .text.RemoveMutexList
                0x00000000      0x108 ..\obj\mutex.o
 .debug_info    0x00000000      0x4d1 ..\obj\mutex.o
 .debug_abbrev  0x00000000      0x161 ..\obj\mutex.o
 .debug_loc     0x00000000       0xe0 ..\obj\mutex.o
 .debug_aranges
                0x00000000       0x38 ..\obj\mutex.o
 .debug_ranges  0x00000000       0x28 ..\obj\mutex.o
 .debug_line    0x00000000      0x167 ..\obj\mutex.o
 .debug_str     0x00000000      0x302 ..\obj\mutex.o
 .comment       0x00000000       0x71 ..\obj\mutex.o
 .ARM.attributes
                0x00000000       0x3b ..\obj\mutex.o
 .debug_frame   0x00000000       0x90 ..\obj\mutex.o
 .text          0x00000000        0x0 ..\obj\flag.o
 .data          0x00000000        0x0 ..\obj\flag.o
 .text.CoCreateFlag
                0x00000000       0xd0 ..\obj\flag.o
 .text.CoDelFlag
                0x00000000      0x144 ..\obj\flag.o
 .text.CoAcceptSingleFlag
                0x00000000       0xa8 ..\obj\flag.o
 .text.CoAcceptMultipleFlags
                0x00000000       0xdc ..\obj\flag.o
 .text.CoWaitForSingleFlag
                0x00000000      0x1dc ..\obj\flag.o
 .text.CoWaitForMultipleFlags
                0x00000000      0x228 ..\obj\flag.o
 .text.CoClearFlag
                0x00000000       0x64 ..\obj\flag.o
 .text.isr_SetFlag
                0x00000000       0x50 ..\obj\flag.o
 .text.FlagBlock
                0x00000000       0x88 ..\obj\flag.o
 .text          0x00000000        0x0 ..\obj\arch.o
 .data          0x00000000        0x0 ..\obj\arch.o
 .text          0x00000000        0x0 ..\obj\sem.o
 .data          0x00000000        0x0 ..\obj\sem.o
 .bss           0x00000000        0x0 ..\obj\sem.o
 .text.CoCreateSem
                0x00000000       0x6c ..\obj\sem.o
 .text.CoDelSem
                0x00000000       0x58 ..\obj\sem.o
 .text.CoAcceptSem
                0x00000000       0x8c ..\obj\sem.o
 .text.CoPendSem
                0x00000000      0x148 ..\obj\sem.o
 .text.isr_PostSem
                0x00000000       0x50 ..\obj\sem.o
 .text          0x00000000        0x0 ..\obj\hook.o
 .data          0x00000000        0x0 ..\obj\hook.o
 .bss           0x00000000        0x0 ..\obj\hook.o

Memory Configuration

Name             Origin             Length             Attributes
rom              0x08000000         0x00100000         xr
ram              0x20000000         0x00020000         xrw
ram1             0x10000000         0x00010000         xrw
*default*        0x00000000         0xffffffff

Linker script and memory map

                0x20020000                _eram = 0x20020000

.text           0x08000000     0x2180
 *(.isr_vector)
 .isr_vector    0x08000000      0x1ac ..\obj\startup_stm32f4xx.o
                0x08000000                g_pfnVectors
 *(.text*)
 .text.CoCreateKheap
                0x080001ac       0x74 ..\obj\kernelHeap.o
                0x080001ac                CoCreateKheap
 .text.OsSchedUnlock
                0x08000220       0x68 ..\obj\core.o
                0x08000220                OsSchedUnlock
 .text.CoSchedLock
                0x08000288       0x28 ..\obj\core.o
                0x08000288                CoSchedLock
 .text.CoSchedUnlock
                0x080002b0        0xc ..\obj\core.o
                0x080002b0                CoSchedUnlock
 .text.CoInitOS
                0x080002bc       0xa4 ..\obj\core.o
                0x080002bc                CoInitOS
 .text.CoStartOS
                0x08000360       0x50 ..\obj\core.o
                0x08000360                CoStartOS
 .text.InsertTmrList
                0x080003b0      0x2c8 ..\obj\timer.o
 .text.RemoveTmrList
                0x08000678      0x100 ..\obj\timer.o
 .text.TmrDispose
                0x08000778       0x84 ..\obj\timer.o
                0x08000778                TmrDispose
 .text.isr_TmrDispose
                0x080007fc       0x38 ..\obj\timer.o
                0x080007fc                isr_TmrDispose
 .text.CreateTCBList
                0x08000834       0x7c ..\obj\task.o
                0x08000834                CreateTCBList
 .text.InsertToTCBRdyList
                0x080008b0      0x130 ..\obj\task.o
                0x080008b0                InsertToTCBRdyList
 .text.RemoveFromTCBRdyList
                0x080009e0       0xa4 ..\obj\task.o
                0x080009e0                RemoveFromTCBRdyList
 .text.Schedule
                0x08000a84      0x194 ..\obj\task.o
                0x08000a84                Schedule
 .text.AssignTCB
                0x08000c18       0x6c ..\obj\task.o
 .text.CreateTask
                0x08000c84      0x158 ..\obj\task.o
                0x08000c84                CreateTask
 .text.Default_Reset_Handler
                0x08000ddc       0x7c ..\obj\startup_stm32f4xx.o
                0x08000ddc                Default_Reset_Handler
                0x08000ddc                Reset_Handler
 .text.Default_Handler
                0x08000e58        0x8 ..\obj\startup_stm32f4xx.o
                0x08000e58                RTC_Alarm_IRQHandler
                0x08000e58                HASH_RNG_IRQHandler
                0x08000e58                EXTI2_IRQHandler
                0x08000e58                TIM8_CC_IRQHandler
                0x08000e58                DebugMon_Handler
                0x08000e58                UART8_IRQHandler
                0x08000e58                SPI4_IRQHandler
                0x08000e58                TIM1_CC_IRQHandler
                0x08000e58                DMA2_Stream5_IRQHandler
                0x08000e58                HardFault_Handler
                0x08000e58                DMA1_Stream5_IRQHandler
                0x08000e58                PVD_IRQHandler
                0x08000e58                SDIO_IRQHandler
                0x08000e58                TAMP_STAMP_IRQHandler
                0x08000e58                NMI_Handler
                0x08000e58                CAN2_RX1_IRQHandler
                0x08000e58                EXTI3_IRQHandler
                0x08000e58                TIM8_TRG_COM_TIM14_IRQHandler
                0x08000e58                TIM1_UP_TIM10_IRQHandler
                0x08000e58                TIM8_UP_TIM13_IRQHandler
                0x08000e58                I2C3_ER_IRQHandler
                0x08000e58                EXTI0_IRQHandler
                0x08000e58                I2C2_EV_IRQHandler
                0x08000e58                DMA1_Stream2_IRQHandler
                0x08000e58                CAN1_RX0_IRQHandler
                0x08000e58                FPU_IRQHandler
                0x08000e58                OTG_HS_WKUP_IRQHandler
                0x08000e58                UsageFault_Handler
                0x08000e58                LTDC_ER_IRQHandler
                0x08000e58                CAN2_SCE_IRQHandler
                0x08000e58                DMA2_Stream2_IRQHandler
                0x08000e58                SPI1_IRQHandler
                0x08000e58                TIM6_DAC_IRQHandler
                0x08000e58                TIM1_BRK_TIM9_IRQHandler
                0x08000e58                DCMI_IRQHandler
                0x08000e58                CAN2_RX0_IRQHandler
                0x08000e58                DMA2_Stream3_IRQHandler
                0x08000e58                USART6_IRQHandler
                0x08000e58                USART3_IRQHandler
                0x08000e58                CRYP_IRQHandler
                0x08000e58                CAN1_RX1_IRQHandler
                0x08000e58                UART5_IRQHandler
                0x08000e58                DMA2_Stream0_IRQHandler
                0x08000e58                TIM4_IRQHandler
                0x08000e58                I2C1_EV_IRQHandler
                0x08000e58                DMA1_Stream6_IRQHandler
                0x08000e58                DMA1_Stream1_IRQHandler
                0x08000e58                UART4_IRQHandler
                0x08000e58                TIM3_IRQHandler
                0x08000e58                RCC_IRQHandler
                0x08000e58                TIM8_BRK_TIM12_IRQHandler
                0x08000e58                EXTI15_10_IRQHandler
                0x08000e58                ADC_IRQHandler
                0x08000e58                DMA1_Stream7_IRQHandler
                0x08000e58                SPI5_IRQHandler
                0x08000e58                TIM7_IRQHandler
                0x08000e58                CAN2_TX_IRQHandler
                0x08000e58                TIM5_IRQHandler
                0x08000e58                DMA2_Stream7_IRQHandler
                0x08000e58                I2C3_EV_IRQHandler
                0x08000e58                EXTI9_5_IRQHandler
                0x08000e58                RTC_WKUP_IRQHandler
                0x08000e58                LTDC_IRQHandler
                0x08000e58                ETH_WKUP_IRQHandler
                0x08000e58                SPI2_IRQHandler
                0x08000e58                OTG_HS_EP1_IN_IRQHandler
                0x08000e58                MemManage_Handler
                0x08000e58                DMA1_Stream0_IRQHandler
                0x08000e58                CAN1_TX_IRQHandler
                0x08000e58                SVC_Handler
                0x08000e58                EXTI4_IRQHandler
                0x08000e58                ETH_IRQHandler
                0x08000e58                OTG_HS_EP1_OUT_IRQHandler
                0x08000e58                WWDG_IRQHandler
                0x08000e58                SPI6_IRQHandler
                0x08000e58                TIM2_IRQHandler
                0x08000e58                OTG_FS_WKUP_IRQHandler
                0x08000e58                TIM1_TRG_COM_TIM11_IRQHandler
                0x08000e58                OTG_HS_IRQHandler
                0x08000e58                DMA2D_IRQHandler
                0x08000e58                EXTI1_IRQHandler
                0x08000e58                UART7_IRQHandler
                0x08000e58                USART2_IRQHandler
                0x08000e58                I2C2_ER_IRQHandler
                0x08000e58                DMA2_Stream1_IRQHandler
                0x08000e58                CAN1_SCE_IRQHandler
                0x08000e58                FLASH_IRQHandler
                0x08000e58                DMA2_Stream4_IRQHandler
                0x08000e58                BusFault_Handler
                0x08000e58                USART1_IRQHandler
                0x08000e58                OTG_FS_IRQHandler
                0x08000e58                SPI3_IRQHandler
                0x08000e58                DMA1_Stream4_IRQHandler
                0x08000e58                I2C1_ER_IRQHandler
                0x08000e58                FMC_IRQHandler
                0x08000e58                DMA2_Stream6_IRQHandler
                0x08000e58                SAI1_IRQHandler
                0x08000e58                DMA1_Stream3_IRQHandler
 .text.UB_Led_Init
                0x08000e60       0xe4 ..\obj\stm32_ub_led.o
                0x08000e60                UB_Led_Init
 .text.UB_Led_Off
                0x08000f44       0x54 ..\obj\stm32_ub_led.o
                0x08000f44                UB_Led_Off
 .text.UB_Led_On
                0x08000f98       0x54 ..\obj\stm32_ub_led.o
                0x08000f98                UB_Led_On
 .text.RespondSRQ
                0x08000fec      0x15c ..\obj\serviceReq.o
                0x08000fec                RespondSRQ
 .text.main     0x08001148       0x4c ..\obj\main.o
                0x08001148                main
 .text.taskA    0x08001194       0x44 ..\obj\main.o
                0x08001194                taskA
 .text.taskB    0x080011d8       0x3c ..\obj\main.o
                0x080011d8                taskB
 .text.RCC_AHB1PeriphClockCmd
                0x08001214       0x54 ..\obj\stm32f4xx_rcc.o
                0x08001214                RCC_AHB1PeriphClockCmd
 .text.CoPostMail
                0x08001268       0x90 ..\obj\mbox.o
                0x08001268                CoPostMail
 .text.InsertDelayList
                0x080012f8      0x118 ..\obj\time.o
                0x080012f8                InsertDelayList
 .text.RemoveDelayList
                0x08001410       0xc8 ..\obj\time.o
                0x08001410                RemoveDelayList
 .text.CoTickDelay
                0x080014d8       0x90 ..\obj\time.o
                0x080014d8                CoTickDelay
 .text.TimeDispose
                0x08001568       0x88 ..\obj\time.o
                0x08001568                TimeDispose
 .text.isr_TimeDispose
                0x080015f0       0x38 ..\obj\time.o
                0x080015f0                isr_TimeDispose
 .text.CreateEventList
                0x08001628       0x90 ..\obj\event.o
                0x08001628                CreateEventList
 .text.EventTaskToRdy
                0x080016b8       0xdc ..\obj\event.o
                0x080016b8                EventTaskToRdy
 .text.RemoveEventWaittingList
                0x08001794       0xac ..\obj\event.o
                0x08001794                RemoveEventWaittingList
 .text.GPIO_Init
                0x08001840      0x144 ..\obj\stm32f4xx_gpio.o
                0x08001840                GPIO_Init
 .text.SystemInit
                0x08001984       0xb0 ..\obj\system_stm32f4xx.o
                0x08001984                SystemInit
 .text.SetSysClock
                0x08001a34      0x1e0 ..\obj\system_stm32f4xx.o
 .text.IRQ_ENABLE_RESTORE
                0x08001c14       0x10 ..\obj\port.o
                0x08001c14                IRQ_ENABLE_RESTORE
 .text.IRQ_DISABLE_SAVE
                0x08001c24       0x10 ..\obj\port.o
                0x08001c24                IRQ_DISABLE_SAVE
 .text.SetEnvironment
                0x08001c34        0xc ..\obj\port.o
                0x08001c34                SetEnvironment
 .text.SwitchContext
                0x08001c40       0x14 ..\obj\port.o
                0x08001c40                SwitchContext
 .text.PendSV_Handler
                0x08001c54       0x4c ..\obj\port.o
                0x08001c54                PendSV_Handler
 .text.CoPostQueueMail
                0x08001ca0       0xcc ..\obj\queue.o
                0x08001ca0                CoPostQueueMail
 .text.CoSetFlag
                0x08001d6c      0x118 ..\obj\flag.o
                0x08001d6c                CoSetFlag
 .text.RemoveFromLink
                0x08001e84       0x5c ..\obj\flag.o
 .text.RemoveLinkNode
                0x08001ee0       0xa4 ..\obj\flag.o
                0x08001ee0                RemoveLinkNode
 .text.InitTaskContext
                0x08001f84       0x6c ..\obj\arch.o
                0x08001f84                InitTaskContext
 .text.SysTick_Handler
                0x08001ff0       0xe8 ..\obj\arch.o
                0x08001ff0                SysTick_Handler
 .text.CoPostSem
                0x080020d8       0x90 ..\obj\sem.o
                0x080020d8                CoPostSem
 .text.CoIdleTask
                0x08002168        0xc ..\obj\hook.o
                0x08002168                CoIdleTask
 .text.CoStkOverflowHook
                0x08002174        0xc ..\obj\hook.o
                0x08002174                CoStkOverflowHook
 *(.init)
 *(.fini)
 *crtbegin.o(.ctors)
 *crtbegin?.o(.ctors)
 *(EXCLUDE_FILE(*crtend.o *crtend?.o) .ctors)
 *(SORT(.ctors.*))
 *(.ctors)
 *crtbegin.o(.dtors)
 *crtbegin?.o(.dtors)
 *(EXCLUDE_FILE(*crtend.o *crtend?.o) .dtors)
 *(SORT(.dtors.*))
 *(.dtors)
 *(.rodata*)
 *(.eh_fram e*)

.glue_7         0x08002180        0x0
 .glue_7        0x00000000        0x0 linker stubs

.glue_7t        0x08002180        0x0
 .glue_7t       0x00000000        0x0 linker stubs

.vfp11_veneer   0x08002180        0x0
 .vfp11_veneer  0x00000000        0x0 linker stubs

.v4_bx          0x08002180        0x0
 .v4_bx         0x00000000        0x0 linker stubs

.iplt           0x08002180        0x0
 .iplt          0x00000000        0x0 ..\obj\kernelHeap.o

.rel.dyn        0x08002180        0x0
 .rel.iplt      0x00000000        0x0 ..\obj\kernelHeap.o

.ARM.extab
 *(.ARM.extab* .gnu.linkonce.armextab.*)
                0x08002180                __exidx_start = .

.ARM.exidx
 *(.ARM.exidx* .gnu.linkonce.armexidx.*)
                0x08002180                __exidx_end = .
                0x08002180                __etext = .
                0x08002180                _sidata = __etext

.data           0x20000000       0x34 load address 0x08002180
                0x20000000                __data_start__ = .
                0x20000000                _sdata = __data_start__
 *(vtable)
 *(.data*)
 .data          0x20000000       0x28 ..\obj\stm32_ub_led.o
                0x20000000                LED
 .data          0x20000028        0xc ..\obj\port.o
                0x20000028                NVIC_INT_CTRL
                0x2000002c                NVIC_PENDSVSET
                0x20000030                INT_EXIT
                0x20000034                . = ALIGN (0x4)
                0x20000034                PROVIDE (__preinit_array_start, .)
 *(.preinit_array)
                0x20000034                PROVIDE (__preinit_array_end, .)
                0x20000034                . = ALIGN (0x4)
                0x20000034                PROVIDE (__init_array_start, .)
 *(SORT(.init_array.*))
 *(.init_array)
                0x20000034                PROVIDE (__init_array_end, .)
                0x20000034                . = ALIGN (0x4)
                0x20000034                PROVIDE (__fini_array_start, .)
 *(SORT(.fini_array.*))
 *(.fini_array)
                0x20000034                PROVIDE (__fini_array_end, .)
 *(.jcr*)
                0x20000034                . = ALIGN (0x4)
                0x20000034                __data_end__ = .
                0x20000034                _edata = __data_end__

.igot.plt       0x20000034        0x0 load address 0x080021b4
 .igot.plt      0x00000000        0x0 ..\obj\kernelHeap.o

.bss            0x20000038      0x8b0 load address 0x080021b8
                0x20000038                . = ALIGN (0x4)
                0x20000038                __bss_start__ = .
                0x20000038                _sbss = __bss_start__
 *(.bss*)
 .bss           0x20000038       0xd4 ..\obj\kernelHeap.o
                0x20000038                KernelHeap
                0x20000100                FMBlist
                0x20000104                Kheap
 .bss           0x2000010c        0x3 ..\obj\core.o
                0x2000010c                OSIntNesting
                0x2000010d                OSSchedLock
                0x2000010e                TaskSchedReq
 *fill*         0x2000010f        0x1 00
 .bss           0x20000110       0x38 ..\obj\timer.o
                0x20000110                TmrTbl
                0x20000140                TmrList
                0x20000144                TmrIDVessel
 .bss           0x20000148      0x208 ..\obj\task.o
                0x20000148                TCBTbl
                0x20000250                idle_stk
                0x20000338                FreeTCB
                0x2000033c                TCBRdy
                0x20000340                TCBNext
                0x20000344                TCBRunning
                0x20000348                OSCheckTime
 .bss           0x20000350       0x30 ..\obj\serviceReq.o
                0x20000350                ServiceReq
                0x2000037c                IsrReq
                0x2000037d                TimeReq
                0x2000037e                TimerReq
 .bss           0x20000380        0x4 ..\obj\time.o
                0x20000380                DlyList
 .bss           0x20000384      0x144 ..\obj\event.o
                0x20000384                EventTbl
                0x200004c4                FreeEventList
 .bss           0x200004c8       0x14 ..\obj\flag.o
                0x200004c8                FlagCrl
 *fill*         0x200004dc        0x4 00
 .bss           0x200004e0        0x8 ..\obj\arch.o
                0x200004e0                OSTickCnt
 *(COMMON)
 COMMON         0x200004e8      0x400 ..\obj\main.o
                0x200004e8                taskB_stk
                0x200006e8                taskA_stk
                0x200008e8                . = ALIGN (0x4)
                0x200008e8                __bss_end__ = .
                0x200008e8                _ebss = __bss_end__

.heap           0x200008e8        0x0
                0x200008e8                __end__ = .
                0x200008e8                _end = __end__
                0x200008e8                end = __end__
 *(.heap*)
                0x200008e8                __HeapLimit = .

.co_stack       0x200008e8      0x800 load address 0x08002a68
                0x200008e8                . = ALIGN (0x8)
 *(.co_stack .co_stack.*)
 .co_stack      0x200008e8      0x800 ..\obj\startup_stm32f4xx.o
                0x200008e8                pulStack
                0x20020000                __StackTop = (ORIGIN (ram) + 0x20000)
                0x2001f800                __StackLimit = (__StackTop - SIZEOF (.co_stack))
                0x20020000                PROVIDE (__stack, __StackTop)
                0x00000001                ASSERT ((__StackLimit >= __HeapLimit), region ram  overflowed with stack)
LOAD ..\obj\kernelHeap.o
LOAD ..\obj\core.o
LOAD ..\obj\timer.o
LOAD ..\obj\utility.o
LOAD ..\obj\task.o
LOAD ..\obj\startup_stm32f4xx.o
LOAD ..\obj\stm32_ub_led.o
LOAD ..\obj\serviceReq.o
LOAD ..\obj\main.o
LOAD ..\obj\stm32f4xx_rcc.o
LOAD ..\obj\mbox.o
LOAD ..\obj\mm.o
LOAD ..\obj\time.o
LOAD ..\obj\event.o
LOAD ..\obj\stm32f4xx_gpio.o
LOAD ..\obj\system_stm32f4xx.o
LOAD ..\obj\port.o
LOAD ..\obj\queue.o
LOAD ..\obj\mutex.o
LOAD ..\obj\flag.o
LOAD ..\obj\arch.o
LOAD ..\obj\sem.o
LOAD ..\obj\hook.o
START GROUP
LOAD c:/program files (x86)/gnu tools arm embedded/4.7 2012q4/bin/../lib/gcc/arm-none-eabi/4.7.3/armv7e-m/fpu\libgcc.a
LOAD c:/program files (x86)/gnu tools arm embedded/4.7 2012q4/bin/../lib/gcc/arm-none-eabi/4.7.3/../../../../arm-none-eabi/lib/armv7e-m/fpu\libg.a
LOAD c:/program files (x86)/gnu tools arm embedded/4.7 2012q4/bin/../lib/gcc/arm-none-eabi/4.7.3/../../../../arm-none-eabi/lib/armv7e-m/fpu\libc.a
END GROUP
OUTPUT(stm32f429.elf elf32-littlearm)

.debug_info     0x00000000     0x59b2
 .debug_info    0x00000000      0x2fd ..\obj\kernelHeap.o
 .debug_info    0x000002fd      0x320 ..\obj\core.o
 .debug_info    0x0000061d      0x40d ..\obj\timer.o
 .debug_info    0x00000a2a      0x760 ..\obj\task.o
 .debug_info    0x0000118a      0x103 ..\obj\startup_stm32f4xx.o
 .debug_info    0x0000128d      0x435 ..\obj\stm32_ub_led.o
 .debug_info    0x000016c2      0x203 ..\obj\serviceReq.o
 .debug_info    0x000018c5      0x176 ..\obj\main.o
 .debug_info    0x00001a3b      0xf3b ..\obj\stm32f4xx_rcc.o
 .debug_info    0x00002976      0x467 ..\obj\mbox.o
 .debug_info    0x00002ddd      0x42d ..\obj\time.o
 .debug_info    0x0000320a      0x50c ..\obj\event.o
 .debug_info    0x00003716      0x643 ..\obj\stm32f4xx_gpio.o
 .debug_info    0x00003d59      0x627 ..\obj\system_stm32f4xx.o
 .debug_info    0x00004380      0x1be ..\obj\port.o
 .debug_info    0x0000453e      0x58c ..\obj\queue.o
 .debug_info    0x00004aca      0x6b2 ..\obj\flag.o
 .debug_info    0x0000517c      0x345 ..\obj\arch.o
 .debug_info    0x000054c1      0x427 ..\obj\sem.o
 .debug_info    0x000058e8       0xca ..\obj\hook.o

.debug_abbrev   0x00000000     0x1a51
 .debug_abbrev  0x00000000      0x151 ..\obj\kernelHeap.o
 .debug_abbrev  0x00000151       0xf7 ..\obj\core.o
 .debug_abbrev  0x00000248      0x196 ..\obj\timer.o
 .debug_abbrev  0x000003de      0x1f1 ..\obj\task.o
 .debug_abbrev  0x000005cf       0xb2 ..\obj\startup_stm32f4xx.o
 .debug_abbrev  0x00000681      0x14b ..\obj\stm32_ub_led.o
 .debug_abbrev  0x000007cc      0x116 ..\obj\serviceReq.o
 .debug_abbrev  0x000008e2       0xe3 ..\obj\main.o
 .debug_abbrev  0x000009c5      0x1bc ..\obj\stm32f4xx_rcc.o
 .debug_abbrev  0x00000b81      0x161 ..\obj\mbox.o
 .debug_abbrev  0x00000ce2      0x196 ..\obj\time.o
 .debug_abbrev  0x00000e78      0x1d6 ..\obj\event.o
 .debug_abbrev  0x0000104e      0x1a5 ..\obj\stm32f4xx_gpio.o
 .debug_abbrev  0x000011f3      0x138 ..\obj\system_stm32f4xx.o
 .debug_abbrev  0x0000132b      0x101 ..\obj\port.o
 .debug_abbrev  0x0000142c      0x181 ..\obj\queue.o
 .debug_abbrev  0x000015ad      0x1b3 ..\obj\flag.o
 .debug_abbrev  0x00001760      0x113 ..\obj\arch.o
 .debug_abbrev  0x00001873      0x152 ..\obj\sem.o
 .debug_abbrev  0x000019c5       0x8c ..\obj\hook.o

.debug_loc      0x00000000     0x23ac
 .debug_loc     0x00000000       0xd4 ..\obj\kernelHeap.o
 .debug_loc     0x000000d4      0x160 ..\obj\core.o
 .debug_loc     0x00000234      0x224 ..\obj\timer.o
 .debug_loc     0x00000458      0x288 ..\obj\task.o
 .debug_loc     0x000006e0       0x64 ..\obj\startup_stm32f4xx.o
 .debug_loc     0x00000744      0x118 ..\obj\stm32_ub_led.o
 .debug_loc     0x0000085c       0x70 ..\obj\serviceReq.o
 .debug_loc     0x000008cc       0x9c ..\obj\main.o
 .debug_loc     0x00000968      0xb3c ..\obj\stm32f4xx_rcc.o
 .debug_loc     0x000014a4      0x150 ..\obj\mbox.o
 .debug_loc     0x000015f4      0x1a8 ..\obj\time.o
 .debug_loc     0x0000179c      0x188 ..\obj\event.o
 .debug_loc     0x00001924      0x310 ..\obj\stm32f4xx_gpio.o
 .debug_loc     0x00001c34       0x9c ..\obj\system_stm32f4xx.o
 .debug_loc     0x00001cd0       0xc8 ..\obj\port.o
 .debug_loc     0x00001d98      0x150 ..\obj\queue.o
 .debug_loc     0x00001ee8      0x2a0 ..\obj\flag.o
 .debug_loc     0x00002188       0x64 ..\obj\arch.o
 .debug_loc     0x000021ec      0x150 ..\obj\sem.o
 .debug_loc     0x0000233c       0x70 ..\obj\hook.o

.debug_aranges  0x00000000      0x738
 .debug_aranges
                0x00000000       0x38 ..\obj\kernelHeap.o
 .debug_aranges
                0x00000038       0x58 ..\obj\core.o
 .debug_aranges
                0x00000090       0x68 ..\obj\timer.o
 .debug_aranges
                0x000000f8       0x78 ..\obj\task.o
 .debug_aranges
                0x00000170       0x28 ..\obj\startup_stm32f4xx.o
 .debug_aranges
                0x00000198       0x40 ..\obj\stm32_ub_led.o
 .debug_aranges
                0x000001d8       0x28 ..\obj\serviceReq.o
 .debug_aranges
                0x00000200       0x30 ..\obj\main.o
 .debug_aranges
                0x00000230      0x1b8 ..\obj\stm32f4xx_rcc.o
 .debug_aranges
                0x000003e8       0x48 ..\obj\mbox.o
 .debug_aranges
                0x00000430       0x58 ..\obj\time.o
 .debug_aranges
                0x00000488       0x50 ..\obj\event.o
 .debug_aranges
                0x000004d8       0x88 ..\obj\stm32f4xx_gpio.o
 .debug_aranges
                0x00000560       0x30 ..\obj\system_stm32f4xx.o
 .debug_aranges
                0x00000590       0x50 ..\obj\port.o
 .debug_aranges
                0x000005e0       0x48 ..\obj\queue.o
 .debug_aranges
                0x00000628       0x78 ..\obj\flag.o
 .debug_aranges
                0x000006a0       0x28 ..\obj\arch.o
 .debug_aranges
                0x000006c8       0x48 ..\obj\sem.o
 .debug_aranges
                0x00000710       0x28 ..\obj\hook.o

.debug_ranges   0x00000000      0x5f8
 .debug_ranges  0x00000000       0x28 ..\obj\kernelHeap.o
 .debug_ranges  0x00000028       0x48 ..\obj\core.o
 .debug_ranges  0x00000070       0x58 ..\obj\timer.o
 .debug_ranges  0x000000c8       0x68 ..\obj\task.o
 .debug_ranges  0x00000130       0x18 ..\obj\startup_stm32f4xx.o
 .debug_ranges  0x00000148       0x30 ..\obj\stm32_ub_led.o
 .debug_ranges  0x00000178       0x18 ..\obj\serviceReq.o
 .debug_ranges  0x00000190       0x20 ..\obj\main.o
 .debug_ranges  0x000001b0      0x1a8 ..\obj\stm32f4xx_rcc.o
 .debug_ranges  0x00000358       0x38 ..\obj\mbox.o
 .debug_ranges  0x00000390       0x48 ..\obj\time.o
 .debug_ranges  0x000003d8       0x40 ..\obj\event.o
 .debug_ranges  0x00000418       0x78 ..\obj\stm32f4xx_gpio.o
 .debug_ranges  0x00000490       0x20 ..\obj\system_stm32f4xx.o
 .debug_ranges  0x000004b0       0x40 ..\obj\port.o
 .debug_ranges  0x000004f0       0x38 ..\obj\queue.o
 .debug_ranges  0x00000528       0x68 ..\obj\flag.o
 .debug_ranges  0x00000590       0x18 ..\obj\arch.o
 .debug_ranges  0x000005a8       0x38 ..\obj\sem.o
 .debug_ranges  0x000005e0       0x18 ..\obj\hook.o

.debug_line     0x00000000     0x24de
 .debug_line    0x00000000      0x1b4 ..\obj\kernelHeap.o
 .debug_line    0x000001b4      0x127 ..\obj\core.o
 .debug_line    0x000002db      0x202 ..\obj\timer.o
 .debug_line    0x000004dd      0x2f2 ..\obj\task.o
 .debug_line    0x000007cf       0xa0 ..\obj\startup_stm32f4xx.o
 .debug_line    0x0000086f      0x236 ..\obj\stm32_ub_led.o
 .debug_line    0x00000aa5       0xd6 ..\obj\serviceReq.o
 .debug_line    0x00000b7b      0x1d2 ..\obj\main.o
 .debug_line    0x00000d4d      0x60f ..\obj\stm32f4xx_rcc.o
 .debug_line    0x0000135c      0x13e ..\obj\mbox.o
 .debug_line    0x0000149a      0x1e0 ..\obj\time.o
 .debug_line    0x0000167a      0x1b8 ..\obj\event.o
 .debug_line    0x00001832      0x310 ..\obj\stm32f4xx_gpio.o
 .debug_line    0x00001b42      0x1cf ..\obj\system_stm32f4xx.o
 .debug_line    0x00001d11      0x127 ..\obj\port.o
 .debug_line    0x00001e38      0x18a ..\obj\queue.o
 .debug_line    0x00001fc2      0x267 ..\obj\flag.o
 .debug_line    0x00002229       0xf6 ..\obj\arch.o
 .debug_line    0x0000231f      0x133 ..\obj\sem.o
 .debug_line    0x00002452       0x8c ..\obj\hook.o

.debug_str      0x00000000     0x1ce5
 .debug_str     0x00000000      0x1e4 ..\obj\kernelHeap.o
                                0x203 (size before relaxing)
 .debug_str     0x000001e4      0x185 ..\obj\core.o
                                0x252 (size before relaxing)
 .debug_str     0x00000369      0x14d ..\obj\timer.o
                                0x240 (size before relaxing)
 .debug_str     0x000004b6      0x226 ..\obj\task.o
                                0x3f1 (size before relaxing)
 .debug_str     0x000006dc       0xae ..\obj\startup_stm32f4xx.o
                                0x112 (size before relaxing)
 .debug_str     0x0000078a      0x2b7 ..\obj\stm32_ub_led.o
                                0x395 (size before relaxing)
 .debug_str     0x00000a41       0x9e ..\obj\serviceReq.o
                                0x178 (size before relaxing)
 .debug_str     0x00000adf       0x92 ..\obj\main.o
                                0x19b (size before relaxing)
 .debug_str     0x00000b71      0x7f8 ..\obj\stm32f4xx_rcc.o
                                0x93e (size before relaxing)
 .debug_str     0x00001369       0x98 ..\obj\mbox.o
                                0x293 (size before relaxing)
 .debug_str     0x00001401       0xd4 ..\obj\time.o
                                0x2af (size before relaxing)
 .debug_str     0x000014d5       0xe3 ..\obj\event.o
                                0x2fa (size before relaxing)
 .debug_str     0x000015b8      0x1a1 ..\obj\stm32f4xx_gpio.o
                                0x444 (size before relaxing)
 .debug_str     0x00001759      0x11d ..\obj\system_stm32f4xx.o
                                0x365 (size before relaxing)
 .debug_str     0x00001876       0xcb ..\obj\port.o
                                0x192 (size before relaxing)
 .debug_str     0x00001941       0xae ..\obj\queue.o
                                0x2f7 (size before relaxing)
 .debug_str     0x000019ef      0x1af ..\obj\flag.o
                                0x370 (size before relaxing)
 .debug_str     0x00001b9e       0x69 ..\obj\arch.o
                                0x272 (size before relaxing)
 .debug_str     0x00001c07       0x88 ..\obj\sem.o
                                0x296 (size before relaxing)
 .debug_str     0x00001c8f       0x56 ..\obj\hook.o
                                0x125 (size before relaxing)

.comment        0x00000000       0x70
 .comment       0x00000000       0x70 ..\obj\kernelHeap.o
                                 0x71 (size before relaxing)
 .comment       0x00000000       0x71 ..\obj\core.o
 .comment       0x00000000       0x71 ..\obj\timer.o
 .comment       0x00000000       0x71 ..\obj\task.o
 .comment       0x00000000       0x71 ..\obj\startup_stm32f4xx.o
 .comment       0x00000000       0x71 ..\obj\stm32_ub_led.o
 .comment       0x00000000       0x71 ..\obj\serviceReq.o
 .comment       0x00000000       0x71 ..\obj\main.o
 .comment       0x00000000       0x71 ..\obj\stm32f4xx_rcc.o
 .comment       0x00000000       0x71 ..\obj\mbox.o
 .comment       0x00000000       0x71 ..\obj\time.o
 .comment       0x00000000       0x71 ..\obj\event.o
 .comment       0x00000000       0x71 ..\obj\stm32f4xx_gpio.o
 .comment       0x00000000       0x71 ..\obj\system_stm32f4xx.o
 .comment       0x00000000       0x71 ..\obj\port.o
 .comment       0x00000000       0x71 ..\obj\queue.o
 .comment       0x00000000       0x71 ..\obj\flag.o
 .comment       0x00000000       0x71 ..\obj\arch.o
 .comment       0x00000000       0x71 ..\obj\sem.o
 .comment       0x00000000       0x71 ..\obj\hook.o

.ARM.attributes
                0x00000000       0x3b
 .ARM.attributes
                0x00000000       0x3b ..\obj\kernelHeap.o
 .ARM.attributes
                0x0000003b       0x3b ..\obj\core.o
 .ARM.attributes
                0x00000076       0x3b ..\obj\timer.o
 .ARM.attributes
                0x000000b1       0x3b ..\obj\task.o
 .ARM.attributes
                0x000000ec       0x3b ..\obj\startup_stm32f4xx.o
 .ARM.attributes
                0x00000127       0x3b ..\obj\stm32_ub_led.o
 .ARM.attributes
                0x00000162       0x3b ..\obj\serviceReq.o
 .ARM.attributes
                0x0000019d       0x3b ..\obj\main.o
 .ARM.attributes
                0x000001d8       0x3b ..\obj\stm32f4xx_rcc.o
 .ARM.attributes
                0x00000213       0x3b ..\obj\mbox.o
 .ARM.attributes
                0x0000024e       0x3b ..\obj\time.o
 .ARM.attributes
                0x00000289       0x3b ..\obj\event.o
 .ARM.attributes
                0x000002c4       0x3b ..\obj\stm32f4xx_gpio.o
 .ARM.attributes
                0x000002ff       0x3b ..\obj\system_stm32f4xx.o
 .ARM.attributes
                0x0000033a       0x3b ..\obj\port.o
 .ARM.attributes
                0x00000375       0x3b ..\obj\queue.o
 .ARM.attributes
                0x000003b0       0x3b ..\obj\flag.o
 .ARM.attributes
                0x000003eb       0x3b ..\obj\arch.o
 .ARM.attributes
                0x00000426       0x3b ..\obj\sem.o
 .ARM.attributes
                0x00000461       0x3b ..\obj\hook.o

.debug_frame    0x00000000     0x14a8
 .debug_frame   0x00000000       0x84 ..\obj\kernelHeap.o
 .debug_frame   0x00000084       0xe8 ..\obj\core.o
 .debug_frame   0x0000016c      0x148 ..\obj\timer.o
 .debug_frame   0x000002b4      0x178 ..\obj\task.o
 .debug_frame   0x0000042c       0x48 ..\obj\startup_stm32f4xx.o
 .debug_frame   0x00000474       0xa8 ..\obj\stm32_ub_led.o
 .debug_frame   0x0000051c       0x50 ..\obj\serviceReq.o
 .debug_frame   0x0000056c       0x6c ..\obj\main.o
 .debug_frame   0x000005d8      0x5b8 ..\obj\stm32f4xx_rcc.o
 .debug_frame   0x00000b90       0xd0 ..\obj\mbox.o
 .debug_frame   0x00000c60       0xfc ..\obj\time.o
 .debug_frame   0x00000d5c       0xe8 ..\obj\event.o
 .debug_frame   0x00000e44      0x19c ..\obj\stm32f4xx_gpio.o
 .debug_frame   0x00000fe0       0x64 ..\obj\system_stm32f4xx.o
 .debug_frame   0x00001044       0xb0 ..\obj\port.o
 .debug_frame   0x000010f4       0xd0 ..\obj\queue.o
 .debug_frame   0x000011c4      0x184 ..\obj\flag.o
 .debug_frame   0x00001348       0x48 ..\obj\arch.o
 .debug_frame   0x00001390       0xd0 ..\obj\sem.o
 .debug_frame   0x00001460       0x48 ..\obj\hook.o
